3
Elton John 789Tom Jones 123Silas Marner 4562
1001 2
10 Music 2
John
Jones
2 Literature 0
1002 0
